// Jest Snapshot v1, https://goo.gl/fbAQLP

exports[`Should correctly render ExpensesSummary with 1 expense 1`] = `
<div>
  <h1>
    Viewing 
     
    expenses
     totalling 
    $0.00
  </h1>
</div>
`;

exports[`Should correctly render ExpenssesSummary with multiple expenses 1`] = `
<div>
  <h1>
    Viewing 
     
    expenses
     totalling 
    $0.00
  </h1>
</div>
`;
